$ /usr/bin/python3 /home/cy/code/program/LED_TEST/tools/serial_model_client.py --port /dev/ttyACM0 --baud 115200 --timeout 12.0 info
exit=0
{
  "model_status": 0,
  "feature_id": 1,
  "activation_id": 1,
  "input_type": 9,
  "output_type": 9,
  "input_dims": [
    1,
    32,
    13,
    1
  ],
  "output_count": 8,
  "label_count": 8,
  "input_elements": 416,
  "model_bytes": 49984,
  "arena_bytes": 98304,
  "arena_used": 27332,
  "input_scale": 5.135698318481445,
  "input_zero_point": 92,
  "output_scale": 0.00390625,
  "output_zero_point": -128,
  "model_name": "db3v_strict_5shot_mfcc_head_only_seed_42",
  "model_sha256": "aaeacc8db19dcc48253a6945ab4125167f69b11eb28a817457ce73c2806293c4",
  "labels": [
    "Agelaius_phoeniceus",
    "Cardinalis_cardinalis",
    "Certhia_americana",
    "Corvus_brachyrhynchos",
    "Setophaga_aestiva",
    "Setophaga_ruticilla",
    "Spinus_tristis",
    "Turdus_migratorius"
  ],
  "feature": "MFCC",
  "activation": "softmax"
}

