$ /usr/bin/python3 /home/cy/code/program/LED_TEST/tools/serial_model_client.py --port /dev/ttyACM0 --baud 115200 --timeout 12.0 smoke --mode both --tflite /tmp/STM32_deploy_raw_audio_experiment_pack_42ead2e6_073a1f1a/experiments/02_db3v_strict/db3v_strict_20shot_logmel_bn_head_replay_seed_42/model.tflite --max-lsb-error 0 --output /home/cy/code/program/LED_TEST/board_results/board_replay_all57_all192_20260729/models/db3v_strict_20shot_logmel_bn_head_replay_seed_42/parity_predictions.csv
{
  "range": [
    0,
    5
  ],
  "reference_checked": true,
  "reference_runtime": {
    "package": "tensorflow-cpu",
    "version": "2.19.0",
    "resolver": "BUILTIN_REF"
  },
  "modes": {
    "f32": {
      "samples": 5,
      "prediction_mismatches": 0,
      "max_lsb_error": 0,
      "elapsed_us_min": 2112456,
      "elapsed_us_median": 2112547,
      "elapsed_us_max": 2112661,
      "passed": true
    },
    "native": {
      "samples": 5,
      "prediction_mismatches": 0,
      "max_lsb_error": 0,
      "elapsed_us_min": 2111711,
      "elapsed_us_median": 2111776,
      "elapsed_us_max": 2111891,
      "passed": true
    }
  },
  "f32_vs_native": {
    "samples": 5,
    "prediction_mismatches": 0,
    "max_lsb_error": 0,
    "passed": true
  }
}
wrote per-sample results: /home/cy/code/program/LED_TEST/board_results/board_replay_all57_all192_20260729/models/db3v_strict_20shot_logmel_bn_head_replay_seed_42/parity_predictions.csv
