$ /usr/bin/python3 /home/cy/code/program/LED_TEST/tools/serial_model_client.py --port /dev/ttyACM0 --baud 115200 --timeout 12.0 info
exit=0
{
  "model_status": 0,
  "feature_id": 1,
  "activation_id": 2,
  "input_type": 9,
  "output_type": 9,
  "input_dims": [
    1,
    32,
    13,
    1
  ],
  "output_count": 8,
  "label_count": 8,
  "input_elements": 416,
  "model_bytes": 49968,
  "arena_bytes": 98304,
  "arena_used": 27284,
  "input_scale": 4.760210990905762,
  "input_zero_point": 90,
  "output_scale": 0.00390625,
  "output_zero_point": -128,
  "model_name": "birdset_strict_5shot_mfcc_bn_h_30cac9a97428",
  "model_sha256": "30cac9a9742835f0fea28849e245a3ed4f9dbec8669fea9d7709938176850759",
  "labels": [
    "Agelaius_phoeniceus",
    "Cardinalis_cardinalis",
    "Certhia_americana",
    "Corvus_brachyrhynchos",
    "Setophaga_aestiva",
    "Setophaga_ruticilla",
    "Spinus_tristis",
    "Turdus_migratorius"
  ],
  "feature": "MFCC",
  "activation": "sigmoid"
}

