$ /usr/bin/python3 /home/cy/code/program/LED_TEST/tools/serial_model_client.py --port /dev/ttyACM0 --baud 115200 --timeout 12.0 smoke --mode both --tflite /tmp/STM32_deploy_raw_audio_experiment_pack_fce2d285_d36dd04/experiments/02_db3v_strict/db3v_strict_20shot_pcen_full_seed_42/model.tflite --max-lsb-error 2 --output /tmp/board-evidence-d36dd04/all57_source_label_8/models/db3v_strict_20shot_pcen_full_seed_42/parity_predictions.csv
{
  "range": [
    0,
    5
  ],
  "reference_checked": true,
  "modes": {
    "f32": {
      "samples": 5,
      "prediction_mismatches": 0,
      "max_lsb_error": 3,
      "elapsed_us_min": 2106070,
      "elapsed_us_median": 2106214,
      "elapsed_us_max": 2106279,
      "passed": false
    },
    "native": {
      "samples": 5,
      "prediction_mismatches": 0,
      "max_lsb_error": 3,
      "elapsed_us_min": 2105389,
      "elapsed_us_median": 2105445,
      "elapsed_us_max": 2105507,
      "passed": false
    }
  },
  "f32_vs_native": {
    "samples": 5,
    "prediction_mismatches": 0,
    "max_lsb_error": 0,
    "passed": true
  }
}
wrote per-sample results: /tmp/board-evidence-d36dd04/all57_source_label_8/models/db3v_strict_20shot_pcen_full_seed_42/parity_predictions.csv
