$ /usr/bin/python3 /home/cy/code/program/LED_TEST/tools/serial_model_client.py --port /dev/ttyACM0 --baud 115200 --timeout 12.0 info
exit=2
serial model client error: UART response CRC mismatch: expected 5f2972ef, got f383d53c


$ /usr/bin/python3 /home/cy/code/program/LED_TEST/tools/serial_model_client.py --port /dev/ttyACM0 --baud 115200 --timeout 12.0 info
exit=0
{
  "model_status": 0,
  "feature_id": 1,
  "activation_id": 1,
  "input_type": 9,
  "output_type": 9,
  "input_dims": [
    1,
    32,
    13,
    1
  ],
  "output_count": 8,
  "label_count": 8,
  "input_elements": 416,
  "model_bytes": 49984,
  "arena_bytes": 98304,
  "arena_used": 27332,
  "input_scale": 4.34705114364624,
  "input_zero_point": 73,
  "output_scale": 0.00390625,
  "output_zero_point": -128,
  "model_name": "zero_shot_mfcc",
  "model_sha256": "d1ebaa0b2d443f63380e12a56449e601092c8d3ee97d8ab2677d2e32c1515fca",
  "labels": [
    "Agelaius_phoeniceus",
    "Cardinalis_cardinalis",
    "Certhia_americana",
    "Corvus_brachyrhynchos",
    "Setophaga_aestiva",
    "Setophaga_ruticilla",
    "Spinus_tristis",
    "Turdus_migratorius"
  ],
  "feature": "MFCC",
  "activation": "softmax"
}

