$ /usr/bin/python3 /home/cy/code/program/LED_TEST/tools/serial_model_client.py --port /dev/ttyACM0 --baud 115200 --timeout 12.0 smoke --mode both --tflite /tmp/STM32_deploy_raw_audio_experiment_pack_fce2d285_d36dd04/experiments/02_db3v_strict/db3v_strict_20shot_logmel_bn_head_replay_seed_2026/model.tflite --max-lsb-error 0 --output /tmp/board-evidence-d36dd04/all57_source_label_8/models/db3v_strict_20shot_logmel_bn_head_replay_seed_2026/parity_predictions.csv
{
  "range": [
    0,
    5
  ],
  "reference_checked": true,
  "reference_runtime": {
    "package": "tensorflow-cpu",
    "version": "2.19.0",
    "resolver": "BUILTIN_REF"
  },
  "modes": {
    "f32": {
      "samples": 5,
      "prediction_mismatches": 0,
      "max_lsb_error": 0,
      "elapsed_us_min": 2112497,
      "elapsed_us_median": 2112588,
      "elapsed_us_max": 2112700,
      "passed": true
    },
    "native": {
      "samples": 5,
      "prediction_mismatches": 0,
      "max_lsb_error": 0,
      "elapsed_us_min": 2111736,
      "elapsed_us_median": 2111820,
      "elapsed_us_max": 2111932,
      "passed": true
    }
  },
  "f32_vs_native": {
    "samples": 5,
    "prediction_mismatches": 0,
    "max_lsb_error": 0,
    "passed": true
  }
}
wrote per-sample results: /tmp/board-evidence-d36dd04/all57_source_label_8/models/db3v_strict_20shot_logmel_bn_head_replay_seed_2026/parity_predictions.csv
