$ /usr/bin/python3 /home/cy/code/program/LED_TEST/tools/serial_model_client.py --port /dev/ttyACM0 --baud 115200 --timeout 12.0 smoke --mode both --tflite /tmp/STM32_deploy_raw_audio_experiment_pack_42ead2e6_073a1f1a/experiments/03_birdset_strict/birdset_strict_5shot_pcen_bn_head_seed_2026/model.tflite --max-lsb-error 0 --output /home/cy/code/program/LED_TEST/board_results/board_replay_all57_all192_20260729/models/birdset_strict_5shot_pcen_bn_head_seed_2026/parity_predictions.csv
{
  "range": [
    0,
    5
  ],
  "reference_checked": true,
  "reference_runtime": {
    "package": "tensorflow-cpu",
    "version": "2.19.0",
    "resolver": "BUILTIN_REF"
  },
  "modes": {
    "f32": {
      "samples": 5,
      "prediction_mismatches": 0,
      "max_lsb_error": 0,
      "elapsed_us_min": 2107058,
      "elapsed_us_median": 2107149,
      "elapsed_us_max": 2107248,
      "passed": true
    },
    "native": {
      "samples": 5,
      "prediction_mismatches": 0,
      "max_lsb_error": 0,
      "elapsed_us_min": 2106347,
      "elapsed_us_median": 2106379,
      "elapsed_us_max": 2106480,
      "passed": true
    }
  },
  "f32_vs_native": {
    "samples": 5,
    "prediction_mismatches": 0,
    "max_lsb_error": 0,
    "passed": true
  }
}
wrote per-sample results: /home/cy/code/program/LED_TEST/board_results/board_replay_all57_all192_20260729/models/birdset_strict_5shot_pcen_bn_head_seed_2026/parity_predictions.csv
