$ /usr/bin/python3 /home/cy/code/program/LED_TEST/tools/serial_model_client.py --port /dev/ttyACM0 --baud 115200 --timeout 12.0 smoke --mode both --tflite /tmp/STM32_deploy_raw_audio_experiment_pack_fce2d285_d36dd04/experiments/01_zero_shot_strict/zero_shot_pcen/model.tflite --max-lsb-error 2 --output /tmp/board-evidence-d36dd04/all57_source_label_8/models/zero_shot_pcen/parity_predictions.csv
{
  "range": [
    0,
    5
  ],
  "reference_checked": true,
  "modes": {
    "f32": {
      "samples": 5,
      "prediction_mismatches": 0,
      "max_lsb_error": 2,
      "elapsed_us_min": 2106001,
      "elapsed_us_median": 2106124,
      "elapsed_us_max": 2106176,
      "passed": true
    },
    "native": {
      "samples": 5,
      "prediction_mismatches": 0,
      "max_lsb_error": 2,
      "elapsed_us_min": 2105322,
      "elapsed_us_median": 2105355,
      "elapsed_us_max": 2105407,
      "passed": true
    }
  },
  "f32_vs_native": {
    "samples": 5,
    "prediction_mismatches": 0,
    "max_lsb_error": 0,
    "passed": true
  }
}
wrote per-sample results: /tmp/board-evidence-d36dd04/all57_source_label_8/models/zero_shot_pcen/parity_predictions.csv
